
.Version 9.9.0 of LRUJ 
.(MPI version, prepared for a x86_64_linux_intel18.0 computer) 

.Copyright (C) 1998-2022 ABINIT group . 
 LRUJ comes with ABSOLUTELY NO WARRANTY.
 It is free software, and you are welcome to redistribute it
 under certain conditions (GNU General Public License,
 see ~abinit/COPYING or http://www.gnu.org/copyleft/gpl.txt).

 ABINIT is a project of the Universite Catholique de Louvain,
 Corning Inc. and other collaborators, see ~abinit/doc/developers/contributors.txt .
 Please read https://docs.abinit.org/theory/acknowledgments for suggested
 acknowledgments of the ABINIT effort.
 For more information, see https://www.abinit.org .

.Starting date : Thu  2 Feb 2023.
- ( at 16h48 )
  
 Number of perturbations detected:  4
 Including unperturbed state, we have  5 data points.
 Hunds J determination, implemented by L. MacEnulty August 2021
 Maximum degree of polynomials analyzed:  3
 NOTE: Unlike the ujdet utility, lruj treats the 
 response functions as scalars, not matrices!
 See lruj tutorial for more information.
 
 
*************************************************************************************************
**************************************  Linear Response J  **************************************
 
 Index of perturbed atom:    1
 Value of macro_uj:     4
 Value of dmatpuopt:     3
 Mixing constant factored out of Chi0:   0.450
 Percentage of AE orbital within the PAW sphere of perturbed subspace:     85.43329%
 
  Perturbations         Magnetizations
 --------------- -----------------------------
    beta  [eV]     Unscreened      Screened
 --------------- -----------------------------
   0.0000000000   2.4288294494   2.4288294494
  -0.2000000902   2.4896727662   2.6045578600
  -0.1000000451   2.4595063617   2.5194819746
   0.1000000451   2.3977878317   2.3331872825
   0.2000000902   2.3663753909   2.2331857540
                                                                       RMS Errors
                                                         ---------------------------------------
 Regression   Chi0 [eV^-1]   Chi [eV^-1]      J [eV]    | Chi0 [eV^-1]  Chi [eV^-1]     J [eV]
--------------------------------------------------------|---------------------------------------
 Linear:        -0.6851403    -0.9290385     0.3831734  |    0.0008500    0.0046598    0.0849092
 Quadratic:     -0.6851403    -0.9290385     0.3831734  |    0.0000531    0.0001925    0.0183319
 Cubic:         -0.6860198    -0.9324874     0.3852833  |    0.0000202    0.0000026    0.0067708
*************************************************************************************************
*************************************************************************************************
 
Linear Response UJ (LRUJ) program complete. Live long and prosper. ~LMac

