
.Version 9.9.0 of LRUJ 
.(MPI version, prepared for a x86_64_linux_intel18.0 computer) 

.Copyright (C) 1998-2022 ABINIT group . 
 LRUJ comes with ABSOLUTELY NO WARRANTY.
 It is free software, and you are welcome to redistribute it
 under certain conditions (GNU General Public License,
 see ~abinit/COPYING or http://www.gnu.org/copyleft/gpl.txt).

 ABINIT is a project of the Universite Catholique de Louvain,
 Corning Inc. and other collaborators, see ~abinit/doc/developers/contributors.txt .
 Please read https://docs.abinit.org/theory/acknowledgments for suggested
 acknowledgments of the ABINIT effort.
 For more information, see https://www.abinit.org .

.Starting date : Tue 29 Nov 2022.
- ( at 20h15 )
  
 Number of perturbations detected:  6
 Including unperturbed state, we have  7 data points.
 Hunds J determination, implemented by L. MacEnulty August 2021
 Maximum degree of polynomials analyzed:  5
 
 
*************************************************************************************************
**************************************  Linear Response J  **************************************
 
 Index of perturbed atom:    1
 Value of macro_uj:     4
 Value of dmatpuopt:     2
 Mixing constant factored out of Chi0:   0.450
 Percentage of AE orbital within the PAW sphere of perturbed subspace:     90.46723%
 
  Perturbations         Magnetizations
 --------------- -----------------------------
    beta  [eV]     Unscreened      Screened
 --------------- -----------------------------
   0.0000000000   1.3770425147   1.3770425147
  -0.1500000676   1.4002218118   1.4354807995
  -0.1000000451   1.3926777071   1.4169820826
  -0.0500000225   1.3849536207   1.3975443683
   0.0500000225   1.3689358749   1.3553223709
   0.1000000451   1.3606264421   1.3321920753
   0.1500000676   1.3521056003   1.3074064375
                                                                       RMS Errors
                                                         ---------------------------------------
 Regression   Chi0 [eV^-1]   Chi [eV^-1]      J [eV]    | Chi0 [eV^-1]  Chi [eV^-1]     J [eV]
--------------------------------------------------------|---------------------------------------
 Linear:        -0.3562997    -0.4257320     0.4577306  |    0.0008120    0.0023379    0.1389076
 Quadratic:     -0.3562997    -0.4257320     0.4577306  |    0.0000175    0.0001776    0.0334339
 Cubic:         -0.3558918    -0.4216006     0.4379299  |    0.0000002    0.0000144    0.0090910
 Degree 4       -0.3558918    -0.4216006     0.4379299  |    0.0000002    0.0000011    0.0027166
 Degree 5       -0.3558912    -0.4216512     0.4382187  |    0.0000002    0.0000001    0.0013348
*************************************************************************************************
*************************************************************************************************
 
Linear Response UJ (LRUJ) program complete. Live long and prosper. ~LMac

